src/pages/admin/DashboardPage.tsx(36,91): error TS2307: Cannot find module '@/services/analytics.service' or its corresponding type declarations.
src/pages/admin/DashboardPage.tsx(458,42): error TS2353: Object literal may only specify known properties, and 'orientation' does not exist in type 'MakeOptional<AxisConfig<"time", any, ChartsYAxisProps>, "id"> | MakeOptional<AxisConfig<"linear", any, ChartsYAxisProps>, "id"> | ... 6 more ... | MakeOptional<...>'.
src/pages/admin/DashboardPage.tsx(469,23): error TS2322: Type '"row"' is not assignable to type 'Direction'.
src/pages/admin/DashboardPage.tsx(470,52): error TS2322: Type '"right"' is not assignable to type '"center" | "end" | "start"'.
src/pages/admin/DashboardPage.tsx(529,43): error TS2561: Object literal may only specify known properties, but 'faded' does not exist in type 'HighlightScope'. Did you mean to write 'fade'?
src/pages/admin/DashboardPage.tsx(536,25): error TS2322: Type '"column"' is not assignable to type 'Direction'.
src/pages/admin/DashboardPage.tsx(537,57): error TS2322: Type '"right"' is not assignable to type '"center" | "end" | "start"'.
